
======================================================================
TEST 1: Honest Skill Claim
======================================================================

[Sera's Opening]
> If you insist. Don't slow me down.

[Player's Dialogue Options]
  1. I have experience with Herbalism. Let me try.
  2. I'm quite skilled at Herbalism. I can handle this.
  3. How hard can Herbalism be? Let's find out together.
  4. I'd rather learn from you than fake it.

[Task Outcome]
python : Traceback (most recent call last):
At line:1 char:1
+ python velinor\engine\test_skill_dialogue_integration.py 2>&1 > test_ ...
+ ~~~~~~~~~~~~~~~~~~~~~~~~~~~~~~~~~~~~~~~~~~~~~~~~~~~~~~~~~~~~~~~~~~~~~
    + CategoryInfo          : NotSpecified: (Traceback (most recent call last)::String) [], RemoteException
    + FullyQualifiedErrorId : NativeCommandError
 
  File "D:\saoriverse-console\velinor\engine\test_skill_dialogue_integration.py", line 326, in <module>
    test_honest_skill_claim()
  File "D:\saoriverse-console\velinor\engine\test_skill_dialogue_integration.py", line 89, in test_honest_skill_claim
    print(f"  Claimed: {claim.claimed_level} Herbalism (truthfully)")
                        ^^^^^^^^^^^^^^^^^^^
AttributeError: 'SkillClaim' object has no attribute 'claimed_level'
